# Test the parser and BFS algorithm on empty data

loaded graph empty

empty contains: 

unknown character n1
unknown character n2