Menu:
	r to find a route
	b to see a list of all buildings
	q to quit
	
Enter an option ('m' to see the menu): # Verify that the program reacts correctly when user enters unknown command in menu selection
Unknown option

Enter an option ('m' to see the menu): 
# All of your test scripts should end with q to terminate the program.