# Find a path with Dijkstra's algorithm with unknown character 'to'

# Create graph players, which has a single node
created graph players
added node C.Ronaldo to players

# Find path between known single node and unknown node
unknown character L.Messi