# Test Dijkstra's algorithm when there is no data

loaded graph empty

empty contains:

unknown character n1
unknown character n2